warning: unused imports: `DeletionCause`, `KnowledgeAvailability`, `KnowledgeJobKind`, `KnowledgeJobState`, `KnowledgeState`, `KnowledgeType`, `SourceKind`, `format_ts as knowledge_format_ts`, and `now_utc`
   --> crates/screenpipe-db/src/db/mod.rs:465:38
    |
465 |     compute_input_hash, fingerprint, format_ts as knowledge_format_ts, new_source_uid, now_utc,
    |                                      ^^^^^^^^^^^^^^^^^^^^^^^^^^^^^^^^                  ^^^^^^^
466 |     KnowledgeJobKind, KnowledgeJobState, DeletionCause, KnowledgeAvailability, KnowledgeState,
    |     ^^^^^^^^^^^^^^^^  ^^^^^^^^^^^^^^^^^  ^^^^^^^^^^^^^  ^^^^^^^^^^^^^^^^^^^^^  ^^^^^^^^^^^^^^
467 |     KnowledgeType, OfficeSourceMeta, SourceKind, SourceLocator, SourceRef,
    |     ^^^^^^^^^^^^^                    ^^^^^^^^^^
    |
    = note: `#[warn(unused_imports)]` (part of `#[warn(unused)]`) on by default

warning: unused imports: `ClaimedTaskRun` and `TaskRunRequest`
   --> crates/screenpipe-db/src/db/mod.rs:472:23
    |
472 | pub use self::tasks::{ClaimedTaskRun, TaskRunRequest};
    |                       ^^^^^^^^^^^^^^  ^^^^^^^^^^^^^^

warning: unused variable: `kind`
   --> crates/screenpipe-db/src/db/knowledge/search.rs:157:19
    |
157 |         for (uid, kind, title, url, revision, excerpt) in office_rows {
    |                   ^^^^ help: if this is intentional, prefix it with an underscore: `_kind`
    |
    = note: `#[warn(unused_variables)]` (part of `#[warn(unused)]`) on by default

warning: struct `KnowledgeHistoryCoverageRow` is never constructed
  --> crates/screenpipe-db/src/db/knowledge/history.rs:18:12
   |
18 | pub struct KnowledgeHistoryCoverageRow {
   |            ^^^^^^^^^^^^^^^^^^^^^^^^^^^
   |
   = note: `#[warn(dead_code)]` (part of `#[warn(unused)]`) on by default

warning: constant `LOCAL_DATASET_ID` is never used
  --> crates/screenpipe-db/src/db/knowledge/types.rs:20:11
   |
20 | pub const LOCAL_DATASET_ID: &str = "local";
   |           ^^^^^^^^^^^^^^^^

warning: enum `MigrationPhase` is never used
   --> crates/screenpipe-db/src/db/knowledge/types.rs:386:10
    |
386 | pub enum MigrationPhase {
    |          ^^^^^^^^^^^^^^

warning: method `as_str` is never used
   --> crates/screenpipe-db/src/db/knowledge/types.rs:395:12
    |
394 | impl MigrationPhase {
    | ------------------- method in this implementation
395 |     pub fn as_str(&self) -> &'static str {
    |            ^^^^^^

warning: `screenpipe-db` (lib) generated 7 warnings (run `cargo fix --lib -p screenpipe-db` to apply 3 suggestions)
    Finished `test` profile [unoptimized + debuginfo] target(s) in 0.23s
     Running tests/knowledge_correctness.rs (target/debug/deps/knowledge_correctness-18dad9fff42048bc)

running 8 tests
test migration_db_source_registration_is_idempotent_and_revision_aware ... ok
test deletion_db_user_erase_tombstones_source_and_blocks_reimport ... ok
test search_compatibility_projection_upsert_query_and_delete ... ok
test publication_db_publish_lifts_feedback_pause_so_the_correction_loop_recloses ... ok
test jobs_db_expired_lease_reaps_while_preserving_model_call_count ... ok
test jobs_db_job_lifecycle_deduplicates_claims_and_guards_tokens ... ok
test publication_db_retention_preserves_published_excerpt_before_raw_delete ... ok
test deletion_db_deletion_barrier_cancels_jobs_and_invalidates_consumers ... ok

test result: ok. 8 passed; 0 failed; 0 ignored; 0 measured; 0 filtered out; finished in 0.84s

