warning: unused imports: `DeletionCause`, `KnowledgeAvailability`, `KnowledgeJobKind`, `KnowledgeJobState`, `KnowledgeState`, `KnowledgeType`, `SourceKind`, `format_ts as knowledge_format_ts`, and `now_utc`
   --> crates/screenpipe-db/src/db/mod.rs:465:38
    |
465 |     compute_input_hash, fingerprint, format_ts as knowledge_format_ts, new_source_uid, now_utc,
    |                                      ^^^^^^^^^^^^^^^^^^^^^^^^^^^^^^^^                  ^^^^^^^
466 |     KnowledgeJobKind, KnowledgeJobState, DeletionCause, KnowledgeAvailability, KnowledgeState,
    |     ^^^^^^^^^^^^^^^^  ^^^^^^^^^^^^^^^^^  ^^^^^^^^^^^^^  ^^^^^^^^^^^^^^^^^^^^^  ^^^^^^^^^^^^^^
467 |     KnowledgeType, OfficeSourceMeta, SourceKind, SourceLocator, SourceRef,
    |     ^^^^^^^^^^^^^                    ^^^^^^^^^^
    |
    = note: `#[warn(unused_imports)]` (part of `#[warn(unused)]`) on by default

warning: unused imports: `ClaimedTaskRun` and `TaskRunRequest`
   --> crates/screenpipe-db/src/db/mod.rs:472:23
    |
472 | pub use self::tasks::{ClaimedTaskRun, TaskRunRequest};
    |                       ^^^^^^^^^^^^^^  ^^^^^^^^^^^^^^

warning: unused variable: `kind`
   --> crates/screenpipe-db/src/db/knowledge/search.rs:157:19
    |
157 |         for (uid, kind, title, url, revision, excerpt) in office_rows {
    |                   ^^^^ help: if this is intentional, prefix it with an underscore: `_kind`
    |
    = note: `#[warn(unused_variables)]` (part of `#[warn(unused)]`) on by default

warning: struct `KnowledgeHistoryCoverageRow` is never constructed
  --> crates/screenpipe-db/src/db/knowledge/history.rs:18:12
   |
18 | pub struct KnowledgeHistoryCoverageRow {
   |            ^^^^^^^^^^^^^^^^^^^^^^^^^^^
   |
   = note: `#[warn(dead_code)]` (part of `#[warn(unused)]`) on by default

warning: constant `LOCAL_DATASET_ID` is never used
  --> crates/screenpipe-db/src/db/knowledge/types.rs:20:11
   |
20 | pub const LOCAL_DATASET_ID: &str = "local";
   |           ^^^^^^^^^^^^^^^^

warning: enum `MigrationPhase` is never used
   --> crates/screenpipe-db/src/db/knowledge/types.rs:386:10
    |
386 | pub enum MigrationPhase {
    |          ^^^^^^^^^^^^^^

warning: method `as_str` is never used
   --> crates/screenpipe-db/src/db/knowledge/types.rs:395:12
    |
394 | impl MigrationPhase {
    | ------------------- method in this implementation
395 |     pub fn as_str(&self) -> &'static str {
    |            ^^^^^^

warning: `screenpipe-db` (lib) generated 7 warnings (run `cargo fix --lib -p screenpipe-db` to apply 3 suggestions)
warning: variable does not need to be mutable
   --> crates/screenpipe-connect/src/office/runner.rs:139:13
    |
139 |         let mut stdout = child.stdout.take().expect("stdout piped");
    |             ----^^^^^^
    |             |
    |             help: remove this `mut`
    |
    = note: `#[warn(unused_mut)]` (part of `#[warn(unused)]`) on by default

warning: variable does not need to be mutable
   --> crates/screenpipe-connect/src/office/runner.rs:140:13
    |
140 |         let mut stderr = child.stderr.take().expect("stderr piped");
    |             ----^^^^^^
    |             |
    |             help: remove this `mut`

warning: `screenpipe-connect` (lib) generated 2 warnings (run `cargo fix --lib -p screenpipe-connect` to apply 2 suggestions)
warning: unused import: `serde::Deserialize`
  --> crates/screenpipe-engine/src/knowledge/answer.rs:18:5
   |
18 | use serde::Deserialize;
   |     ^^^^^^^^^^^^^^^^^^
   |
   = note: `#[warn(unused_imports)]` (part of `#[warn(unused)]`) on by default

warning: unused import: `Serialize`
  --> crates/screenpipe-engine/src/knowledge/routes.rs:18:26
   |
18 | use serde::{Deserialize, Serialize};
   |                          ^^^^^^^^^

warning: unused import: `super::worker::JobHandlers`
  --> crates/screenpipe-engine/src/knowledge/routes.rs:34:5
   |
34 | use super::worker::JobHandlers;
   |     ^^^^^^^^^^^^^^^^^^^^^^^^^^

warning: unused imports: `KnowledgeHistoryCoverageInput`, `KnowledgeHistoryEntryInput`, and `KnowledgeHistoryEntryRow`
  --> crates/screenpipe-engine/src/knowledge/migration.rs:26:44
   |
26 | use screenpipe_db::{KnowledgeHistoryBatch, KnowledgeHistoryCoverageInput, KnowledgeHistoryEntryInput, KnowledgeHistoryEntryRow};
   |                                            ^^^^^^^^^^^^^^^^^^^^^^^^^^^^^  ^^^^^^^^^^^^^^^^^^^^^^^^^^  ^^^^^^^^^^^^^^^^^^^^^^^^

warning: unused import: `serde_json::json`
  --> crates/screenpipe-engine/src/knowledge/office.rs:16:5
   |
16 | use serde_json::json;
   |     ^^^^^^^^^^^^^^^^

warning: unused imports: `KnowledgeSourceInput` and `KnowledgeSourceRegistration`
  --> crates/screenpipe-engine/src/knowledge/sources.rs:11:38
   |
11 |     compute_input_hash, fingerprint, KnowledgeSourceInput, KnowledgeSourceRegistration, OfficeSourceMeta,
   |                                      ^^^^^^^^^^^^^^^^^^^^  ^^^^^^^^^^^^^^^^^^^^^^^^^^^

warning: unused variable: `uids`
   --> crates/screenpipe-engine/src/knowledge/deletion.rs:465:21
    |
465 |             let (_, uids) = validate_scope(&entry.scope)?;
    |                     ^^^^ help: if this is intentional, prefix it with an underscore: `_uids`
    |
    = note: `#[warn(unused_variables)]` (part of `#[warn(unused)]`) on by default

warning: unused variable: `cited_knowledge`
   --> crates/screenpipe-engine/src/knowledge/answer.rs:257:9
    |
257 |     let cited_knowledge: Vec<super::types::KnowledgeVersionRefDto> = Vec::new();
    |         ^^^^^^^^^^^^^^^ help: if this is intentional, prefix it with an underscore: `_cited_knowledge`

warning: unused variable: `any_ok`
  --> crates/screenpipe-engine/src/knowledge/search.rs:57:9
   |
57 |     let any_ok = routes.iter().any(|r| matches!(r.status, RouteStatus::Ok));
   |         ^^^^^^ help: if this is intentional, prefix it with an underscore: `_any_ok`

warning: unused variable: `task_key`
  --> crates/screenpipe-engine/src/knowledge/extract.rs:77:19
   |
77 | fn interval_scope(task_key: &Option<String>, task_title: &Option<String>, app: &Option<String>) -> String {
   |                   ^^^^^^^^ help: if this is intentional, prefix it with an underscore: `_task_key`

warning: unused variable: `created_at`
   --> crates/screenpipe-engine/src/knowledge/routes.rs:450:5
    |
450 |     created_at: &str,
    |     ^^^^^^^^^^ help: if this is intentional, prefix it with an underscore: `_created_at`

warning: variable does not need to be mutable
   --> crates/screenpipe-engine/src/knowledge/summarize.rs:532:9
    |
532 |     let mut keywords: Vec<String> = body
    |         ----^^^^^^^^
    |         |
    |         help: remove this `mut`
    |
    = note: `#[warn(unused_mut)]` (part of `#[warn(unused)]`) on by default

warning: function `reject_office_provider` is never used
   --> crates/screenpipe-engine/src/knowledge/office.rs:411:15
    |
411 | pub(crate) fn reject_office_provider(id: &str) -> Option<KnowledgeError> {
    |               ^^^^^^^^^^^^^^^^^^^^^^
    |
    = note: `#[warn(dead_code)]` (part of `#[warn(unused)]`) on by default

warning: function `read_store_for_with_key` is never used
  --> crates/screenpipe-engine/src/cli/store_file.rs:49:15
   |
49 | pub(crate) fn read_store_for_with_key(
   |               ^^^^^^^^^^^^^^^^^^^^^^^

warning: function `write_store_for_with_key` is never used
  --> crates/screenpipe-engine/src/cli/store_file.rs:60:15
   |
60 | pub(crate) fn write_store_for_with_key(
   |               ^^^^^^^^^^^^^^^^^^^^^^^^

warning: struct `CapturedLogs` is never constructed
    --> crates/screenpipe-engine/src/connections_api.rs:2112:12
     |
2112 |     struct CapturedLogs(Arc<StdMutex<Vec<u8>>>);
     |            ^^^^^^^^^^^^

warning: `screenpipe-engine` (lib test) generated 16 warnings (run `cargo fix --lib -p screenpipe-engine --tests` to apply 12 suggestions)
    Finished `test` profile [unoptimized + debuginfo] target(s) in 0.73s
     Running unittests src/lib.rs (target/debug/deps/screenpipe_engine-55d53cab905f5494)

running 54 tests
test knowledge::compile::tests::activity_key_binds_to_interval_and_degrades_without_bounds ... ok
test knowledge::extract::tests::parse_json_object_tolerates_fences ... ok
test knowledge::extract::tests::parse_json_object_extracts_object_from_prose ... ok
test knowledge::extract::tests::parse_recall_accepts_only_in_pack_summary_ids ... ok
test knowledge::extract::tests::sample_uniform_keeps_endpoints_and_bounds ... ok
test knowledge::deletion::tests::barrier_rejects_new_emission_until_cleanup_finishes ... ok
test knowledge::extract::tests::work_unit_schema_v2_is_required ... ok
test knowledge::deletion::tests::barrier_blocks_emission_during_deletion ... ok
test knowledge::extract::tests::work_unit_v2_new_fields_follow_list_rules ... ok
test knowledge::extract::tests::work_unit_validation_enforces_field_refs ... ok
test knowledge::registry::tests::decision_rule_single_observation_requires_boundary ... ok
test knowledge::registry::tests::render_includes_key_sections ... ok
test knowledge::registry::tests::sop_rejects_fewer_than_three_distinct_activities ... ok
test knowledge::registry::tests::sop_missing_boundary_units_each_count_as_one_session ... ok
test knowledge::registry::tests::sop_session_count_dedupes_work_units_of_same_activity ... ok
test knowledge::registry::tests::sop_requires_three_sessions_and_refs ... ok
test cli::agent::tests::test_agent_builtin_skills_carry_internal_knowledge_set ... ok
test knowledge::extract::tests::summary_pack_falls_back_to_raw_evidence_without_summaries ... ok
test knowledge::routes::tests::feedback_without_target_stays_pending ... ok
test knowledge::extract::tests::summary_pack_lists_summaries_and_cites_evidence ... ok
test knowledge::skill_revisions::tests::skill_revisions_are_sixteen_hex_and_text_sensitive ... ok
test knowledge::skill_revisions::tests::skill_revision_enters_the_input_hash ... ok
test knowledge::sources::tests::normalization_is_whitespace_insensitive ... ok
test knowledge::sources::tests::excerpt_is_bounded ... ok
test knowledge::summarize::tests::band_selection_follows_interval_duration ... ok
test knowledge::summarize::tests::char_count_ignores_whitespace ... ok
test knowledge::extract::tests::illegal_recall_is_rejected_without_a_second_call ... ok
test knowledge::routes::tests::publish_then_v2_supersedes_v1_atomically ... ok
test knowledge::extract::tests::two_phase_recall_runs_second_stage_and_commits_final_body ... ok
test knowledge::extract::tests::empty_recall_costs_exactly_one_call ... ok
test knowledge::routes::tests::concurrent_publish_on_stale_current_fails ... ok
test knowledge::summarize::tests::citation_violation_repairs_once_then_passes ... ok
test knowledge::routes::tests::rejected_input_hash_is_suppressed ... ok
test knowledge::summarize::tests::interval_without_usable_evidence_fails_before_any_call ... ok
test knowledge::summarize::tests::invalid_after_repair_fails_without_writing ... ok
test knowledge::summarize::tests::frame_evidence_uses_unified_frame_text ... ok
test knowledge::trace::tests::different_windows_get_different_fingerprints ... ok
test knowledge::trace::tests::envelope_fields_never_enter_the_fingerprint ... ok
test knowledge::summarize::tests::discovery_enqueues_only_settled_intervals_without_summaries ... ok
test knowledge::summarize::tests::keyword_count_violation_repairs_once_then_passes ... ok
test knowledge::summarize::tests::evidence_change_triggers_a_recompute ... ok
test knowledge::trace::tests::no_header_means_no_records_and_no_limit ... ok
test knowledge::summarize::tests::per_job_model_budget_surfaces_as_failure ... ok
test knowledge::summarize::tests::length_out_of_band_repairs_once_then_passes ... ok
test knowledge::summarize::tests::model_identity_change_triggers_a_recompute ... ok
test knowledge::trace::tests::same_window_reruns_share_one_result_fingerprint ... ok
test knowledge::summarize::tests::same_input_hash_skips_the_model_call ... ok
test knowledge::extract::tests::recall_pack_is_bounded_per_interval_and_total ... ok
test knowledge::trace::tests::trace_write_failure_is_isolated_from_the_read ... ok
test knowledge::trace::tests::trace_key_over_the_limit_is_rejected_with_429 ... ok
test knowledge::extract::tests::summary_pack_samples_when_window_exceeds_caps ... ok
test knowledge::worker::tests::model_budget_is_enforced_per_job ... ok
test knowledge::worker::tests::worker_claims_and_completes_job ... ok
test knowledge::worker::tests::transient_failure_retries_then_succeeds ... ok

test result: ok. 54 passed; 0 failed; 0 ignored; 0 measured; 1435 filtered out; finished in 4.37s

