warning: unused imports: `DeletionCause`, `KnowledgeAvailability`, `KnowledgeJobKind`, `KnowledgeJobState`, `KnowledgeState`, `KnowledgeType`, `SourceKind`, `format_ts as knowledge_format_ts`, and `now_utc`
   --> crates/screenpipe-db/src/db/mod.rs:465:38
    |
465 |     compute_input_hash, fingerprint, format_ts as knowledge_format_ts, new_source_uid, now_utc,
    |                                      ^^^^^^^^^^^^^^^^^^^^^^^^^^^^^^^^                  ^^^^^^^
466 |     KnowledgeJobKind, KnowledgeJobState, DeletionCause, KnowledgeAvailability, KnowledgeState,
    |     ^^^^^^^^^^^^^^^^  ^^^^^^^^^^^^^^^^^  ^^^^^^^^^^^^^  ^^^^^^^^^^^^^^^^^^^^^  ^^^^^^^^^^^^^^
467 |     KnowledgeType, OfficeSourceMeta, SourceKind, SourceLocator, SourceRef,
    |     ^^^^^^^^^^^^^                    ^^^^^^^^^^
    |
    = note: `#[warn(unused_imports)]` (part of `#[warn(unused)]`) on by default

warning: unused imports: `ClaimedTaskRun` and `TaskRunRequest`
   --> crates/screenpipe-db/src/db/mod.rs:472:23
    |
472 | pub use self::tasks::{ClaimedTaskRun, TaskRunRequest};
    |                       ^^^^^^^^^^^^^^  ^^^^^^^^^^^^^^

warning: unused variable: `kind`
   --> crates/screenpipe-db/src/db/knowledge/search.rs:157:19
    |
157 |         for (uid, kind, title, url, revision, excerpt) in office_rows {
    |                   ^^^^ help: if this is intentional, prefix it with an underscore: `_kind`
    |
    = note: `#[warn(unused_variables)]` (part of `#[warn(unused)]`) on by default

warning: struct `KnowledgeHistoryCoverageRow` is never constructed
  --> crates/screenpipe-db/src/db/knowledge/history.rs:18:12
   |
18 | pub struct KnowledgeHistoryCoverageRow {
   |            ^^^^^^^^^^^^^^^^^^^^^^^^^^^
   |
   = note: `#[warn(dead_code)]` (part of `#[warn(unused)]`) on by default

warning: constant `LOCAL_DATASET_ID` is never used
  --> crates/screenpipe-db/src/db/knowledge/types.rs:20:11
   |
20 | pub const LOCAL_DATASET_ID: &str = "local";
   |           ^^^^^^^^^^^^^^^^

warning: enum `MigrationPhase` is never used
   --> crates/screenpipe-db/src/db/knowledge/types.rs:386:10
    |
386 | pub enum MigrationPhase {
    |          ^^^^^^^^^^^^^^

warning: method `as_str` is never used
   --> crates/screenpipe-db/src/db/knowledge/types.rs:395:12
    |
394 | impl MigrationPhase {
    | ------------------- method in this implementation
395 |     pub fn as_str(&self) -> &'static str {
    |            ^^^^^^

warning: `screenpipe-db` (lib test) generated 7 warnings (run `cargo fix --lib -p screenpipe-db --tests` to apply 3 suggestions)
    Finished `test` profile [unoptimized + debuginfo] target(s) in 0.20s
     Running unittests src/lib.rs (target/debug/deps/screenpipe_db-85ee638a0774aff8)

running 17 tests
test db::activity_ledger::tests::activity_missing_summary_settled_before_excludes_open_intervals ... ok
test db::activity_ledger::tests::frame_fingerprint_prefers_content_hash_and_falls_back_to_text ... ok
test db::activity_ledger::tests::activity_summary_upsert_is_idempotent_per_input_hash ... ok
test db::activity_ledger::tests::activity_ledger_hot_ranges_seek_timestamp_indexes ... ok
test db::activity_ledger::tests::intervals_between_returns_summary_keywords_and_retention ... ok
test db::activity_ledger::tests::activity_summary_by_input_hash_reports_pending_generation ... ok
test db::activity_ledger::tests::meeting_spans_clamp_to_range_and_include_open_meetings ... ok
test db::activity_ledger::tests::activity_summary_upsert_rejects_out_of_range_evidence_refs ... ok
test db::activity_ledger::tests::evidence_for_interval_respects_limit_and_order ... ok
test db::activity_ledger::tests::deleting_the_last_source_removes_unsupported_interval ... ok
test db::activity_ledger::tests::missing_summary_excludes_summarized_intervals ... ok
test db::activity_ledger::tests::observation_query_combines_sampled_frames_ui_events_and_audio_metadata ... ok
test db::activity_ledger::tests::reconcile_only_replaces_the_requested_trailing_range ... ok
test db::activity_ledger::tests::retention_bookkeeping_persisted_from_persisted_evidence ... ok
test db::activity_ledger::tests::reconcile_rerun_keeps_retention_and_evidence_stable ... ok
test db::activity_ledger::tests::reconcile_round_trips_hierarchy_actions_and_evidence ... ok
test db::activity_ledger::tests::retention_rows_and_summaries_cascade_with_interval ... ok

test result: ok. 17 passed; 0 failed; 0 ignored; 0 measured; 163 filtered out; finished in 8.30s

