warning: unused imports: `DeletionCause`, `KnowledgeAvailability`, `KnowledgeJobKind`, `KnowledgeJobState`, `KnowledgeState`, `KnowledgeType`, `SourceKind`, `format_ts as knowledge_format_ts`, and `now_utc`
   --> crates/screenpipe-db/src/db/mod.rs:465:38
    |
465 |     compute_input_hash, fingerprint, format_ts as knowledge_format_ts, new_source_uid, now_utc,
    |                                      ^^^^^^^^^^^^^^^^^^^^^^^^^^^^^^^^                  ^^^^^^^
466 |     KnowledgeJobKind, KnowledgeJobState, DeletionCause, KnowledgeAvailability, KnowledgeState,
    |     ^^^^^^^^^^^^^^^^  ^^^^^^^^^^^^^^^^^  ^^^^^^^^^^^^^  ^^^^^^^^^^^^^^^^^^^^^  ^^^^^^^^^^^^^^
467 |     KnowledgeType, OfficeSourceMeta, SourceKind, SourceLocator, SourceRef,
    |     ^^^^^^^^^^^^^                    ^^^^^^^^^^
    |
    = note: `#[warn(unused_imports)]` (part of `#[warn(unused)]`) on by default

warning: unused imports: `ClaimedTaskRun` and `TaskRunRequest`
   --> crates/screenpipe-db/src/db/mod.rs:472:23
    |
472 | pub use self::tasks::{ClaimedTaskRun, TaskRunRequest};
    |                       ^^^^^^^^^^^^^^  ^^^^^^^^^^^^^^

warning: unused variable: `kind`
   --> crates/screenpipe-db/src/db/knowledge/search.rs:157:19
    |
157 |         for (uid, kind, title, url, revision, excerpt) in office_rows {
    |                   ^^^^ help: if this is intentional, prefix it with an underscore: `_kind`
    |
    = note: `#[warn(unused_variables)]` (part of `#[warn(unused)]`) on by default

warning: struct `KnowledgeHistoryCoverageRow` is never constructed
  --> crates/screenpipe-db/src/db/knowledge/history.rs:18:12
   |
18 | pub struct KnowledgeHistoryCoverageRow {
   |            ^^^^^^^^^^^^^^^^^^^^^^^^^^^
   |
   = note: `#[warn(dead_code)]` (part of `#[warn(unused)]`) on by default

warning: constant `LOCAL_DATASET_ID` is never used
  --> crates/screenpipe-db/src/db/knowledge/types.rs:20:11
   |
20 | pub const LOCAL_DATASET_ID: &str = "local";
   |           ^^^^^^^^^^^^^^^^

warning: enum `MigrationPhase` is never used
   --> crates/screenpipe-db/src/db/knowledge/types.rs:386:10
    |
386 | pub enum MigrationPhase {
    |          ^^^^^^^^^^^^^^

warning: method `as_str` is never used
   --> crates/screenpipe-db/src/db/knowledge/types.rs:395:12
    |
394 | impl MigrationPhase {
    | ------------------- method in this implementation
395 |     pub fn as_str(&self) -> &'static str {
    |            ^^^^^^

warning: `screenpipe-db` (lib test) generated 7 warnings (run `cargo fix --lib -p screenpipe-db --tests` to apply 3 suggestions)
    Finished `test` profile [unoptimized + debuginfo] target(s) in 0.24s
     Running unittests src/lib.rs (target/debug/deps/screenpipe_db-85ee638a0774aff8)

running 23 tests
test db::knowledge::tests::knowledge_state_enums_roundtrip ... ok
test db::knowledge::trace::tests::knowledge_query_trace_survives_null_query_string ... ok
test db::knowledge::types::tests::deletion_cause_is_explicit ... ok
test db::knowledge::types::tests::fingerprint_is_stable_hex ... ok
test db::knowledge::types::tests::input_hash_is_order_insensitive_and_input_sensitive ... ok
test db::knowledge::types::tests::job_states_and_priorities ... ok
test db::knowledge::types::tests::knowledge_type_roundtrip ... ok
test db::knowledge::types::tests::skill_revision_is_part_of_the_input_hash ... ok
test db::knowledge::types::tests::source_kind_roundtrip ... ok
test text_normalizer::knowledge_chinese_tests::latin_and_code_tokens_survive ... ok
test text_normalizer::knowledge_chinese_tests::natural_question_candidates_drop_stopwords_and_cap_at_24 ... ok
test text_normalizer::knowledge_chinese_tests::phrase_match_uses_and_of_bigrams ... ok
test text_normalizer::knowledge_chinese_tests::project_emits_unigrams_and_bigrams ... ok
test text_normalizer::knowledge_chinese_tests::two_char_query_matches_projection ... ok
test db::knowledge::tests::archived_excerpt_survives_retention_but_user_erase_wins ... ok
test db::knowledge::trace::tests::knowledge_query_trace_records_and_counts_per_key ... ok
test db::knowledge::tests::register_source_is_idempotent_and_revision_aware ... ok
test db::knowledge::tests::office_identity_is_provider_scoped ... ok
test db::knowledge::tests::user_deleted_source_is_tombstoned_and_never_reimports ... ok
test db::knowledge::tests::expired_lease_is_reaped_with_attempts_preserved ... ok
test db::knowledge::tests::job_lifecycle_dedupe_claim_and_token_guard ... ok
test db::knowledge::tests::transient_failure_requeues_then_exhausts ... ok
test db::knowledge::tests::deletion_barrier_cancels_jobs_and_propagates_consumers ... ok

test result: ok. 23 passed; 0 failed; 0 ignored; 0 measured; 157 filtered out; finished in 1.06s

